---
source: crates/monkey-lang/src/parsing/parser.rs
expression: "parse::<ast::File>(&input).map(|f| f.stmts)"

---
Ok(
    [
        If(
            StmtIf {
                if_token: IfKw {
                    token: Token {
                        span: Span {
                            start: 0,
                            end: 2,
                        },
                        kind: IfKw,
                        text: "if",
                    },
                },
                condition: Lit(
                    Bool(
                        LitBool {
                            token: Token {
                                span: Span {
                                    start: 3,
                                    end: 8,
                                },
                                kind: FalseKw,
                                text: "false",
                            },
                            value: false,
                        },
                    ),
                ),
                block: Block {
                    open_bracket: LBrace {
                        token: Token {
                            span: Span {
                                start: 9,
                                end: 10,
                            },
                            kind: LBrace,
                            text: "{",
                        },
                    },
                    stmts: [
                        Return(
                            StmtReturn {
                                return_token: ReturnKw {
                                    token: Token {
                                        span: Span {
                                            start: 15,
                                            end: 21,
                                        },
                                        kind: ReturnKw,
                                        text: "return",
                                    },
                                },
                                expr: Lit(
                                    Num(
                                        LitNum {
                                            num: Number {
                                                token: Token {
                                                    span: Span {
                                                        start: 22,
                                                        end: 23,
                                                    },
                                                    kind: Number,
                                                    text: "5",
                                                },
                                            },
                                            value: 5.0,
                                        },
                                    ),
                                ),
                                semi: Semicolon {
                                    token: Token {
                                        span: Span {
                                            start: 23,
                                            end: 24,
                                        },
                                        kind: Semicolon,
                                        text: ";",
                                    },
                                },
                            },
                        ),
                    ],
                    close_bracket: RBrace {
                        token: Token {
                            span: Span {
                                start: 25,
                                end: 26,
                            },
                            kind: RBrace,
                            text: "}",
                        },
                    },
                },
                next: Some(
                    ElseIf(
                        ElseIfBranch {
                            else_token: ElseKw {
                                token: Token {
                                    span: Span {
                                        start: 27,
                                        end: 31,
                                    },
                                    kind: ElseKw,
                                    text: "else",
                                },
                            },
                            if_token: IfKw {
                                token: Token {
                                    span: Span {
                                        start: 32,
                                        end: 34,
                                    },
                                    kind: IfKw,
                                    text: "if",
                                },
                            },
                            condition: Lit(
                                Bool(
                                    LitBool {
                                        token: Token {
                                            span: Span {
                                                start: 35,
                                                end: 39,
                                            },
                                            kind: TrueKw,
                                            text: "true",
                                        },
                                        value: true,
                                    },
                                ),
                            ),
                            block: Block {
                                open_bracket: LBrace {
                                    token: Token {
                                        span: Span {
                                            start: 40,
                                            end: 41,
                                        },
                                        kind: LBrace,
                                        text: "{",
                                    },
                                },
                                stmts: [
                                    Return(
                                        StmtReturn {
                                            return_token: ReturnKw {
                                                token: Token {
                                                    span: Span {
                                                        start: 46,
                                                        end: 52,
                                                    },
                                                    kind: ReturnKw,
                                                    text: "return",
                                                },
                                            },
                                            expr: Lit(
                                                Num(
                                                    LitNum {
                                                        num: Number {
                                                            token: Token {
                                                                span: Span {
                                                                    start: 53,
                                                                    end: 54,
                                                                },
                                                                kind: Number,
                                                                text: "1",
                                                            },
                                                        },
                                                        value: 1.0,
                                                    },
                                                ),
                                            ),
                                            semi: Semicolon {
                                                token: Token {
                                                    span: Span {
                                                        start: 54,
                                                        end: 55,
                                                    },
                                                    kind: Semicolon,
                                                    text: ";",
                                                },
                                            },
                                        },
                                    ),
                                ],
                                close_bracket: RBrace {
                                    token: Token {
                                        span: Span {
                                            start: 56,
                                            end: 57,
                                        },
                                        kind: RBrace,
                                        text: "}",
                                    },
                                },
                            },
                            next: Some(
                                ElseIf(
                                    ElseIfBranch {
                                        else_token: ElseKw {
                                            token: Token {
                                                span: Span {
                                                    start: 58,
                                                    end: 62,
                                                },
                                                kind: ElseKw,
                                                text: "else",
                                            },
                                        },
                                        if_token: IfKw {
                                            token: Token {
                                                span: Span {
                                                    start: 63,
                                                    end: 65,
                                                },
                                                kind: IfKw,
                                                text: "if",
                                            },
                                        },
                                        condition: Lit(
                                            Bool(
                                                LitBool {
                                                    token: Token {
                                                        span: Span {
                                                            start: 66,
                                                            end: 71,
                                                        },
                                                        kind: FalseKw,
                                                        text: "false",
                                                    },
                                                    value: false,
                                                },
                                            ),
                                        ),
                                        block: Block {
                                            open_bracket: LBrace {
                                                token: Token {
                                                    span: Span {
                                                        start: 72,
                                                        end: 73,
                                                    },
                                                    kind: LBrace,
                                                    text: "{",
                                                },
                                            },
                                            stmts: [
                                                Return(
                                                    StmtReturn {
                                                        return_token: ReturnKw {
                                                            token: Token {
                                                                span: Span {
                                                                    start: 78,
                                                                    end: 84,
                                                                },
                                                                kind: ReturnKw,
                                                                text: "return",
                                                            },
                                                        },
                                                        expr: Lit(
                                                            Num(
                                                                LitNum {
                                                                    num: Number {
                                                                        token: Token {
                                                                            span: Span {
                                                                                start: 85,
                                                                                end: 88,
                                                                            },
                                                                            kind: Number,
                                                                            text: "123",
                                                                        },
                                                                    },
                                                                    value: 123.0,
                                                                },
                                                            ),
                                                        ),
                                                        semi: Semicolon {
                                                            token: Token {
                                                                span: Span {
                                                                    start: 88,
                                                                    end: 89,
                                                                },
                                                                kind: Semicolon,
                                                                text: ";",
                                                            },
                                                        },
                                                    },
                                                ),
                                            ],
                                            close_bracket: RBrace {
                                                token: Token {
                                                    span: Span {
                                                        start: 90,
                                                        end: 91,
                                                    },
                                                    kind: RBrace,
                                                    text: "}",
                                                },
                                            },
                                        },
                                        next: Some(
                                            Else(
                                                ElseBranch {
                                                    else_token: ElseKw {
                                                        token: Token {
                                                            span: Span {
                                                                start: 92,
                                                                end: 96,
                                                            },
                                                            kind: ElseKw,
                                                            text: "else",
                                                        },
                                                    },
                                                    block: Block {
                                                        open_bracket: LBrace {
                                                            token: Token {
                                                                span: Span {
                                                                    start: 97,
                                                                    end: 98,
                                                                },
                                                                kind: LBrace,
                                                                text: "{",
                                                            },
                                                        },
                                                        stmts: [
                                                            Return(
                                                                StmtReturn {
                                                                    return_token: ReturnKw {
                                                                        token: Token {
                                                                            span: Span {
                                                                                start: 103,
                                                                                end: 109,
                                                                            },
                                                                            kind: ReturnKw,
                                                                            text: "return",
                                                                        },
                                                                    },
                                                                    expr: Lit(
                                                                        Str(
                                                                            LitStr {
                                                                                token: Token {
                                                                                    span: Span {
                                                                                        start: 110,
                                                                                        end: 117,
                                                                                    },
                                                                                    kind: String,
                                                                                    text: "\"hello\"",
                                                                                },
                                                                            },
                                                                        ),
                                                                    ),
                                                                    semi: Semicolon {
                                                                        token: Token {
                                                                            span: Span {
                                                                                start: 117,
                                                                                end: 118,
                                                                            },
                                                                            kind: Semicolon,
                                                                            text: ";",
                                                                        },
                                                                    },
                                                                },
                                                            ),
                                                        ],
                                                        close_bracket: RBrace {
                                                            token: Token {
                                                                span: Span {
                                                                    start: 119,
                                                                    end: 120,
                                                                },
                                                                kind: RBrace,
                                                                text: "}",
                                                            },
                                                        },
                                                    },
                                                },
                                            ),
                                        ),
                                    },
                                ),
                            ),
                        },
                    ),
                ),
            },
        ),
    ],
)
